From root Tue Dec 21 01:01:01 2015
From: A <a@a.eu>
To: B <b@b.eu>
Subject: Message from A
Message-Id: <msg001>
Date: Tue, 21 Dec 2015 01:01:00 +0100

This is A.

