From: B <b@b.eu>
Subject: Message from B

This is B.

