From root Tue Dec 23 03:03:03 2015
From: C <c@c.eu>
To: A <a@a.eu>
Cc: B <b@b.eu>
Subject: Message from C
Message-Id: <msg003>
Date: Tue, 23 Dec 2015 03:03:00 +0100

This is C.

