N00000	[A <a@a.eu>]	[Message from A]
N00001	[B <b@b.eu>]	[Message from B]
N00002	[C <c@c.eu>]	[Message from C]
