From root Tue Dec 21 01:01:01 2015
From: A <a@a.eu>
Subject: Message from A

This is A.

From root Tue Dec 22 02:02:02 2015
From: B <b@b.eu>
Subject: Message from B

This is B.

From root Tue Dec 23 03:03:03 2015
From: C <c@c.eu>
Subject: Message from C

This is C.

