From root Tue Dec 22 02:02:02 2015
From: B <b@b.eu>
To: A <a@a.eu>
Subject: Message from B
Message-Id: <msg002>
Date: Tue, 22 Dec 2015 02:02:00 +0100

This is B.

